
Hp@DESKTOP-VIBTUG0 MINGW64 /d/sana/Web-Development
$ mkdir 8.GIT
Hp@DESKTOP-VIBTUG0 MINGW64 /d/sana/Web-Development
$ cd 8.GIT/
Hp@DESKTOP-VIBTUG0 MINGW64 /d/sana/Web-Development/8.GIT
$ touch chapter1.txt
Hp@DESKTOP-VIBTUG0 MINGW64 /d/sana/Web-Development/8.GIT
$ git init
Initialized empty Git repository in D:/sana/Web-Development/8.GIT/.git/
Hp@DESKTOP-VIBTUG0 MINGW64 /d/sana/Web-Development/8.GIT (master)
$ ls -a
./  ../  .git/  chapter1.txt
Hp@DESKTOP-VIBTUG0 MINGW64 /d/sana/Web-Development/8.GIT (master)
$ git status
On branch master

No commits yet

Untracked files:
  (use "git add <file>..." to include in what will be committed)
        chapter1.txt

nothing added to commit but untracked files present (use "git add" to track)

Hp@DESKTOP-VIBTUG0 MINGW64 /d/sana/Web-Development/8.GIT (master)
$ git add chapter1.txt

Hp@DESKTOP-VIBTUG0 MINGW64 /d/sana/Web-Development/8.GIT (master)
$ git status
On branch master

No commits yet

Changes to be committed:
  (use "git rm --cached <file>..." to unstage)
        new file:   chapter1.txt
Hp@DESKTOP-VIBTUG0 MINGW64 /d/sana/Web-Development/8.GIT (master)
$ git commit -m "Complete Chapter 1"
[master (root-commit) 734d393] Complete Chapter 1
 1 file changed, 1 insertion(+)
 create mode 100644 chapter1.txt

Hp@DESKTOP-VIBTUG0 MINGW64 /d/sana/Web-Development/8.GIT (master)
$ git log
commit 734d393252a07a7243699d1c6246dc8509c60dcb (HEAD -> master)
Author: KhanSanaParveen <19co03@aiktc.ac.in>
Date:   Thu Sep 7 12:40:36 2023 +0530

    Complete Chapter 1
Hp@DESKTOP-VIBTUG0 MINGW64 /d/sana/Web-Development/8.GIT (master)
$ touch chapter2.txt chapter3.txt
Hp@DESKTOP-VIBTUG0 MINGW64 /d/sana/Web-Development/8.GIT (master)
$ start chapter3.txt

Hp@DESKTOP-VIBTUG0 MINGW64 /d/sana/Web-Development/8.GIT (master)
$ start chapter2.txt
Hp@DESKTOP-VIBTUG0 MINGW64 /d/sana/Web-Development/8.GIT (master)
$ git status
On branch master
Untracked files:
  (use "git add <file>..." to include in what will be committed)
        chapter2.txt
        chapter3.txt

nothing added to commit but untracked files present (use "git add" to track)
Hp@DESKTOP-VIBTUG0 MINGW64 /d/sana/Web-Development/8.GIT (master)
$ git add .

Hp@DESKTOP-VIBTUG0 MINGW64 /d/sana/Web-Development/8.GIT (master)
$ git status
On branch master
Changes to be committed:
  (use "git restore --staged <file>..." to unstage)
        new file:   chapter2.txt
        new file:   chapter3.txt


Hp@DESKTOP-VIBTUG0 MINGW64 /d/sana/Web-Development/8.GIT (master)
$ git commit -m "compelete chapter 2 and 3"
[master b626764] compelete chapter 2 and 3
 2 files changed, 2 insertions(+)
 create mode 100644 chapter2.txt
 create mode 100644 chapter3.txt
Hp@DESKTOP-VIBTUG0 MINGW64 /d/sana/Web-Development/8.GIT (master)
$ git log
commit b626764c12c39149c31e25efe33f4e7f27a13604 (HEAD -> master)
Author: KhanSanaParveen <19co03@aiktc.ac.in>
Date:   Thu Sep 7 12:50:10 2023 +0530

    compelete chapter 2 and 3

commit 734d393252a07a7243699d1c6246dc8509c60dcb
Author: KhanSanaParveen <19co03@aiktc.ac.in>
Date:   Thu Sep 7 12:40:36 2023 +0530

    Complete Chapter 1
Hp@DESKTOP-VIBTUG0 MINGW64 /d/sana/Web-Development/8.GIT (master)
$ start chapter2.txt

Hp@DESKTOP-VIBTUG0 MINGW64 /d/sana/Web-Development/8.GIT (master)
$ git diff chapter2.txt
diff --git a/chapter2.txt b/chapter2.txt
index 3e16735..b2fd892 100644
--- a/chapter2.txt
+++ b/chapter2.txt
@@ -1 +1 @@
-my darling i miss u and i controle my saleves very well hope u doing well and becouse u r trable and dont wnad
\ No newline at end of file
+kfjdklfjldfkldfodf  kjlkdfkdfoi sfkjfjdf
\ No newline at end of file

Hp@DESKTOP-VIBTUG0 MINGW64 /d/sana/Web-Development/8.GIT (master)
$ git checkout chapter2.txt
Updated 1 path from the index

